
[1m[46m RUN [49m[22m [36mv4.0.17 [39m[90mC:/Users/Prashant/OneDrive/Desktop/viral hook/viral-hooks-app[39m

 [31mΓ¥»[39m tests/security/prompt-injection.test.ts [2m([22m[2m11 tests[22m[2m | [22m[31m2 failed[39m[2m | [22m[33m1 skipped[39m[2m)[22m[32m 20[2mms[22m[39m
       [32mΓ£ô[39m blocks direct instruction override[32m 2[2mms[22m[39m
       [32mΓ£ô[39m blocks developer mode attempts[32m 1[2mms[22m[39m
       [32mΓ£ô[39m blocks ChatML token injection[32m 1[2mms[22m[39m
       [32mΓ£ô[39m blocks Llama token injection[32m 1[2mms[22m[39m
       [32mΓ£ô[39m detects small caps obfuscation[32m 1[2mms[22m[39m
       [32mΓ£ô[39m detects base64 injection[32m 1[2mms[22m[39m
       [2m[90mΓåô[39m[22m detects hex encoding
       [32mΓ£ô[39m detects close misspellings[32m 0[2mms[22m[39m
       [32mΓ£ô[39m allows normal object descriptions[32m 0[2mms[22m[39m
[31m       [31m├ù[31m allows person descriptions[39m[32m 9[2mms[22m[39m
[31m       [31m├ù[31m allows complex scene descriptions[39m[32m 1[2mms[22m[39m
npx : 
At line:1 char:1
+ npx vitest run tests/security/prompt-injection.test.ts 
> test_output. ...
+ ~~~~~~~~~~~~~~~~~~~~~~~~~~~~~~~~~~~~~~~~~~~~~~~~~~~~~~~
~~~~~~~~~~~~~~
    + CategoryInfo          : NotSpecified: (:String) [] 
   , RemoteException
    + FullyQualifiedErrorId : NativeCommandError
 
[31mΓÄ»ΓÄ»ΓÄ»ΓÄ»ΓÄ»ΓÄ»ΓÄ»[39m[1m[41m Failed Tests 2 
[49m[22m[31mΓÄ»ΓÄ»ΓÄ»ΓÄ»ΓÄ»ΓÄ»ΓÄ»[39m

[41m[1m FAIL [22m[49m 
tests/security/prompt-injection.test.ts[2m > 
[22mAdvanced Prompt Injection Detection[2m > [22mSafe 
Prompts[2m > [22mallows person descriptions
[31m[1mAssertionError[22m: expected true to be false 
// Object.is equality[39m

[32m- Expected[39m
[31m+ Received[39m

[32m- false[39m
[31m+ true[39m

[36m [2mΓ¥»[22m tests/security/prompt-injection.test.t
s:[2m90:36[22m[39m
    [90m 88| [39m                [32m"A 25 year old 
Indian male wearing a black hoodie"[39m
    [90m 89| [39m            )[33m;[39m
    [90m 90| [39m            [34mexpect[39m(result[3
3m.[39mblocked)[33m.[39m[34mtoBe[39m([35mfalse[39m
)[33m;[39m
    [90m   | [39m                                   
[31m^[39m
    [90m 91| [39m        })[33m;[39m
    [90m 92| [39m

[31m[2mΓÄ»ΓÄ»ΓÄ»ΓÄ»ΓÄ»ΓÄ»ΓÄ»ΓÄ»ΓÄ»ΓÄ»ΓÄ»ΓÄ»ΓÄ»ΓÄ»ΓÄ»ΓÄ»
ΓÄ»ΓÄ»ΓÄ»ΓÄ»ΓÄ»ΓÄ»ΓÄ»ΓÄ»[1/2]ΓÄ»[22m[39m

[41m[1m FAIL [22m[49m 
tests/security/prompt-injection.test.ts[2m > 
[22mAdvanced Prompt Injection Detection[2m > [22mSafe 
Prompts[2m > [22mallows complex scene descriptions
[31m[1mAssertionError[22m: expected true to be false 
// Object.is equality[39m

[32m- Expected[39m
[31m+ Received[39m

[32m- false[39m
[31m+ true[39m

[36m [2mΓ¥»[22m tests/security/prompt-injection.test.t
s:[2m97:36[22m[39m
    [90m 95| [39m                "A futuristic city 
with neon lights, flying cars, and ΓÇª
    [90m 96| [39m            )[33m;[39m
    [90m 97| [39m            [34mexpect[39m(result[3
3m.[39mblocked)[33m.[39m[34mtoBe[39m([35mfalse[39m
)[33m;[39m
    [90m   | [39m                                   
[31m^[39m
    [90m 98| [39m        })[33m;[39m
    [90m 99| [39m    })[33m;[39m

[31m[2mΓÄ»ΓÄ»ΓÄ»ΓÄ»ΓÄ»ΓÄ»ΓÄ»ΓÄ»ΓÄ»ΓÄ»ΓÄ»ΓÄ»ΓÄ»ΓÄ»ΓÄ»ΓÄ»
ΓÄ»ΓÄ»ΓÄ»ΓÄ»ΓÄ»ΓÄ»ΓÄ»ΓÄ»[2/2]ΓÄ»[22m[39m


[2m Test Files [22m [1m[31m1 failed[39m[22m[90m (1)[39m
[2m      Tests [22m [1m[31m2 failed[39m[22m[2m | [22m[1m[32m8 passed[39m[22m[2m | [22m[33m1 skipped[39m[90m (11)[39m
[2m   Start at [22m 01:28:59
[2m   Duration [22m 1.16s[2m (transform 106ms, setup 179ms, import 63ms, tests 20ms, environment 539ms)[22m

